// Jest Snapshot v1, https://goo.gl/fbAQLP

exports[`Repos component renders Repos 1`] = `
<DocumentFragment>
  <ul
    data-testid="repo-list"
  />
</DocumentFragment>
`;
