// Jest Snapshot v1, https://goo.gl/fbAQLP

exports[`UserForm component renders UserForm 1`] = `
<DocumentFragment>
  <form>
    <label>
      Username:
      <textarea
        placeholder="username"
      />
    </label>
    <button>
      Submit
    </button>
  </form>
</DocumentFragment>
`;
